// Jest Snapshot v1, https://goo.gl/fbAQLP

exports[`index spec should render proper 1`] = `
<div
  class="bg"
>
  <div
    class="container panel"
  >
    <h1>
      Edmond Wu
    </h1>
     
    <div
      class="row"
    >
      <div
        class="col-12 col-lg-6"
      >
        <div
          class="card"
        >
          <div
            class="card-body"
          >
            <h5
              class="card-title"
            >
              Find Label Function Block
            </h5>
             
            <div
              class="form-group col-md-6"
            >
              <label>
                Search Code Input
              </label>
               
              <input
                class="form-control"
                placeholder="please input the permission code"
                type="text"
              />
            </div>
             
            <div
              class="form-group col-md-6"
            >
              <label>
                Result Code
              </label>
               
              <input
                class="form-control"
                placeholder="search result"
                readonly=""
                type="text"
              />
            </div>
          </div>
        </div>
      </div>
       
      <div
        class="col-12 col-lg-6"
      >
        <div
          class="card"
        >
          <div
            class="card-body"
          >
            <h5>
              Tree View
            </h5>
             
          </div>
        </div>
      </div>
    </div>
  </div>
</div>
`;
